[DEBUG 23:13:20 sjtuautorun] ('Emulator status', 'running')
[INFO 23:13:22 sjtuautorun] Android Connected!
[INFO 23:13:25 sjtuautorun] resolution:(1080, 1920)
[DEBUG 23:13:39 sjtuautorun] ('click:', 1759331619.1193206, 579, 55)
[DEBUG 23:13:40 sjtuautorun] ('Typing:去跑步',)
[DEBUG 23:13:42 sjtuautorun] ('click:', 1759331622.5539038, 101, 186)
[INFO 23:13:43 sjtuautorun] Started successfully!
[DEBUG 23:13:46 sjtuautorun] ('click:', 1759331626.5516195, 474, 398)
[DEBUG 23:13:48 sjtuautorun] ('click:', 1759331628.3194509, 474, 398)
[DEBUG 23:13:52 sjtuautorun] ('click:', 1759331632.5761943, 481, 452)
[DEBUG 23:13:59 sjtuautorun] (121.43161656409444, 31.02687367903792)
[DEBUG 23:14:00 sjtuautorun] (121.43165305918417, 31.0268819294686)
[DEBUG 23:14:01 sjtuautorun] (121.4316696552756, 31.02688831777843)
[DEBUG 23:14:01 sjtuautorun] (121.43171347516869, 31.026906920249694)
[DEBUG 23:14:02 sjtuautorun] (121.43174748727523, 31.02691947584752)
[DEBUG 23:14:04 sjtuautorun] (121.43183008136435, 31.026942751769525)
[DEBUG 23:14:06 sjtuautorun] (121.43190710672565, 31.02697514915309)
[DEBUG 23:14:07 sjtuautorun] (121.43197327728774, 31.026981501008112)
[DEBUG 23:14:08 sjtuautorun] (121.43199964310911, 31.027002105637308)
[DEBUG 23:14:09 sjtuautorun] (121.43206786330713, 31.027016290496057)
[DEBUG 23:14:10 sjtuautorun] (121.43209666465057, 31.027027829133264)
[DEBUG 23:14:11 sjtuautorun] (121.43212287496435, 31.027035580614406)
[DEBUG 23:14:11 sjtuautorun] (121.43215990488828, 31.027050539000484)
[DEBUG 23:14:12 sjtuautorun] (121.43220908303796, 31.027070837587885)
[DEBUG 23:14:13 sjtuautorun] (121.43223966002952, 31.027070997202642)
[DEBUG 23:14:14 sjtuautorun] (121.4323113134475, 31.02708733034993)
[DEBUG 23:14:15 sjtuautorun] (121.43233683139347, 31.02710535713984)
[DEBUG 23:14:15 sjtuautorun] (121.43234189287897, 31.02711482442202)
[DEBUG 23:14:16 sjtuautorun] (121.43238641395165, 31.02711364657815)
[DEBUG 23:14:18 sjtuautorun] (121.43246478298275, 31.0271383857399)
[DEBUG 23:14:19 sjtuautorun] (121.43253474469822, 31.027173608902118)
[DEBUG 23:14:20 sjtuautorun] (121.43258553727915, 31.02717716553721)
[DEBUG 23:14:21 sjtuautorun] (121.43263443239736, 31.027202052673367)
[DEBUG 23:14:23 sjtuautorun] (121.43270105557495, 31.02721528073485)
[DEBUG 23:14:23 sjtuautorun] (121.43271124465596, 31.02723247252302)
[DEBUG 23:14:24 sjtuautorun] (121.4327455463472, 31.02723116460443)
[DEBUG 23:14:25 sjtuautorun] (121.43278753410485, 31.027248798485477)
[DEBUG 23:14:25 sjtuautorun] (121.43282047921228, 31.02725082461921)
[DEBUG 23:14:26 sjtuautorun] (121.432840484957, 31.027273436356907)
[DEBUG 23:14:27 sjtuautorun] (121.4328828681663, 31.02728385319212)
[DEBUG 23:14:28 sjtuautorun] (121.43293656232895, 31.027303183618983)
[DEBUG 23:14:28 sjtuautorun] (121.43296582883282, 31.027308935089373)
[DEBUG 23:14:30 sjtuautorun] (121.43304596317824, 31.02732606255289)
[DEBUG 23:14:32 sjtuautorun] (121.43311160290438, 31.027357493989648)
[DEBUG 23:14:32 sjtuautorun] (121.43315812217503, 31.027363527064793)
[DEBUG 23:14:33 sjtuautorun] (121.4331943278697, 31.027379025332852)
[DEBUG 23:14:33 sjtuautorun] (121.43320384390702, 31.027371026109158)
[DEBUG 23:14:34 sjtuautorun] (121.43322970004569, 31.027383253963773)
[DEBUG 23:14:35 sjtuautorun] (121.43330512958623, 31.02740802399194)
[DEBUG 23:14:37 sjtuautorun] (121.43336119873739, 31.027437823339284)
[DEBUG 23:14:37 sjtuautorun] (121.43338340219488, 31.02743774328441)
[DEBUG 23:14:38 sjtuautorun] (121.43342824467993, 31.02745611046229)
[DEBUG 23:14:39 sjtuautorun] (121.4334715314863, 31.02746867529905)
[DEBUG 23:14:40 sjtuautorun] (121.4335138102514, 31.02748279312217)
[DEBUG 23:14:41 sjtuautorun] (121.43357474851027, 31.027493695832096)
[DEBUG 23:14:42 sjtuautorun] (121.43359830790332, 31.02750920399808)
[DEBUG 23:14:42 sjtuautorun] (121.43361370310735, 31.027505565090678)
[DEBUG 23:14:44 sjtuautorun] (121.43367751187452, 31.027541142420716)
[DEBUG 23:14:45 sjtuautorun] (121.43373239689589, 31.027549330858825)
[DEBUG 23:14:45 sjtuautorun] (121.43373998619057, 31.027547683881096)
[DEBUG 23:14:46 sjtuautorun] (121.433784667751, 31.02756647563407)
[DEBUG 23:14:47 sjtuautorun] (121.43381773952798, 31.027585776565374)
[DEBUG 23:14:48 sjtuautorun] (121.43390412661452, 31.027600263992493)
[DEBUG 23:14:49 sjtuautorun] (121.43392779851908, 31.02760048032187)
[DEBUG 23:14:49 sjtuautorun] (121.4339559860479, 31.02761636085733)
[DEBUG 23:14:50 sjtuautorun] (121.43397105158056, 31.027626570303664)
[DEBUG 23:14:50 sjtuautorun] (121.43401179877814, 31.027636493247993)
[DEBUG 23:14:51 sjtuautorun] (121.43404553420854, 31.02763832520011)
[DEBUG 23:14:52 sjtuautorun] (121.43406888852151, 31.027663019775346)
[DEBUG 23:14:53 sjtuautorun] (121.43415020451637, 31.027672834812556)
[DEBUG 23:14:54 sjtuautorun] (121.43416175576233, 31.027688453332118)
[DEBUG 23:14:54 sjtuautorun] (121.43417159571736, 31.027700125691037)
[DEBUG 23:14:55 sjtuautorun] (121.43421761380057, 31.02770769795375)
[DEBUG 23:14:56 sjtuautorun] (121.43428717621215, 31.027721762220953)
[DEBUG 23:14:57 sjtuautorun] (121.43430774003045, 31.027738731748226)
[DEBUG 23:14:58 sjtuautorun] (121.43435392881774, 31.027744784116976)
[DEBUG 23:14:59 sjtuautorun] (121.43442204966013, 31.02776962556743)
[DEBUG 23:15:00 sjtuautorun] (121.43444287049309, 31.027770001937434)
[DEBUG 23:15:01 sjtuautorun] (121.43450604209576, 31.027793553856377)
[DEBUG 23:15:02 sjtuautorun] (121.43454987682098, 31.02780302535588)
[DEBUG 23:15:03 sjtuautorun] (121.43460155711324, 31.027834129557128)
[DEBUG 23:15:04 sjtuautorun] (121.43464783998324, 31.0278371924348)
[DEBUG 23:15:05 sjtuautorun] (121.43468569244902, 31.02785154954322)
[DEBUG 23:15:05 sjtuautorun] (121.43470592276364, 31.027861320098292)
[DEBUG 23:15:06 sjtuautorun] (121.43473865359758, 31.027870684213696)
[DEBUG 23:15:07 sjtuautorun] (121.43477266775888, 31.02788297224956)
[DEBUG 23:15:08 sjtuautorun] (121.43483231013892, 31.027908782499523)
[DEBUG 23:15:10 sjtuautorun] (121.43493121899006, 31.027921052367947)
[DEBUG 23:15:10 sjtuautorun] (121.43495303250022, 31.02793394525956)
[DEBUG 23:15:12 sjtuautorun] (121.43501057108197, 31.027950202017156)
[DEBUG 23:15:14 sjtuautorun] (121.43510062828062, 31.027975550638754)
[DEBUG 23:15:14 sjtuautorun] (121.43511291915965, 31.027987388351203)
[DEBUG 23:15:15 sjtuautorun] (121.43517336820015, 31.027999160472)
[DEBUG 23:15:17 sjtuautorun] (121.43523888899725, 31.028032021627542)
[DEBUG 23:15:17 sjtuautorun] (121.43527242928009, 31.02804865984479)
[DEBUG 23:15:18 sjtuautorun] (121.43532036575304, 31.028060353427076)
[DEBUG 23:15:19 sjtuautorun] (121.43536259644978, 31.028064447192275)
[DEBUG 23:15:20 sjtuautorun] (121.43541267041668, 31.028076055849294)
[DEBUG 23:15:21 sjtuautorun] (121.43545043688438, 31.02810631166573)
[DEBUG 23:15:21 sjtuautorun] (121.4354711112751, 31.02810298647634)
[DEBUG 23:15:23 sjtuautorun] (121.43552355087975, 31.028122728013955)
[DEBUG 23:15:23 sjtuautorun] (121.43553932407363, 31.028133348118345)
[DEBUG 23:15:24 sjtuautorun] (121.43558780820155, 31.028137696126915)
[DEBUG 23:15:25 sjtuautorun] (121.43564826172154, 31.02816305310103)
[DEBUG 23:15:25 sjtuautorun] (121.43565307921052, 31.028165531941994)
[DEBUG 23:15:26 sjtuautorun] (121.4356959234147, 31.02818409729459)
[DEBUG 23:15:27 sjtuautorun] (121.43570976921377, 31.028177566106358)
[DEBUG 23:15:27 sjtuautorun] (121.43573362846409, 31.02817769326789)
[DEBUG 23:15:28 sjtuautorun] (121.4357787023306, 31.028200938034924)
[DEBUG 23:15:28 sjtuautorun] (121.43579427331262, 31.028207720520772)
[DEBUG 23:15:30 sjtuautorun] (121.4358802344778, 31.02824331532096)
[DEBUG 23:15:31 sjtuautorun] (121.43591512212033, 31.028244940216272)
[DEBUG 23:15:32 sjtuautorun] (121.43595620506892, 31.0282514176969)
[DEBUG 23:15:33 sjtuautorun] (121.4359961044781, 31.028263111862493)
[DEBUG 23:15:34 sjtuautorun] (121.4360435941369, 31.02829236455214)
[DEBUG 23:15:34 sjtuautorun] (121.43606345516584, 31.02829981360303)
[DEBUG 23:15:35 sjtuautorun] (121.43611544695949, 31.02830115330033)
[DEBUG 23:15:36 sjtuautorun] (121.43612829461296, 31.028306962428683)
[DEBUG 23:15:37 sjtuautorun] (121.43618642745481, 31.028328142016022)
[DEBUG 23:15:39 sjtuautorun] (121.43627883905938, 31.028359984735726)
[DEBUG 23:15:39 sjtuautorun] (121.43629395535663, 31.028359216010102)
[DEBUG 23:15:40 sjtuautorun] (121.43635956931497, 31.02838056960791)
[DEBUG 23:15:42 sjtuautorun] (121.43641067833697, 31.028401502604996)
[DEBUG 23:15:42 sjtuautorun] (121.43645001474226, 31.02841899348265)
[DEBUG 23:15:43 sjtuautorun] (121.43648571591844, 31.02841715445402)
[DEBUG 23:15:43 sjtuautorun] (121.4364827973788, 31.028428915890117)
[DEBUG 23:15:44 sjtuautorun] (121.43654431809517, 31.028455430170784)
[DEBUG 23:15:46 sjtuautorun] (121.43660991218493, 31.028474185560206)
[DEBUG 23:15:47 sjtuautorun] (121.4366871974149, 31.028490487370217)
[DEBUG 23:15:48 sjtuautorun] (121.43673812333809, 31.028495545240677)
[DEBUG 23:15:49 sjtuautorun] (121.43677857004369, 31.028517906184653)
[DEBUG 23:15:50 sjtuautorun] (121.43682324651367, 31.028539547407558)
[DEBUG 23:15:51 sjtuautorun] (121.43685283516115, 31.028544797039046)
[DEBUG 23:15:52 sjtuautorun] (121.43689305023763, 31.028560455623712)
[DEBUG 23:15:53 sjtuautorun] (121.43694010502774, 31.0285747611783)
[DEBUG 23:15:53 sjtuautorun] (121.43696311107475, 31.028581797880914)
[DEBUG 23:15:55 sjtuautorun] (121.43705161391667, 31.028608936877543)
[DEBUG 23:15:56 sjtuautorun] (121.4370853678596, 31.02862220039899)
[DEBUG 23:15:57 sjtuautorun] (121.43715378628661, 31.02863191902098)
[DEBUG 23:15:58 sjtuautorun] (121.43718417211946, 31.02864143419391)
[DEBUG 23:15:59 sjtuautorun] (121.43721415761401, 31.0286615678103)
[DEBUG 23:16:00 sjtuautorun] (121.43728458364832, 31.028674414270913)
[DEBUG 23:16:00 sjtuautorun] (121.43730177611272, 31.028694883662325)
[DEBUG 23:16:02 sjtuautorun] (121.43737434231808, 31.02870802757624)
[DEBUG 23:16:03 sjtuautorun] (121.43741673340575, 31.02871547964114)
[DEBUG 23:16:04 sjtuautorun] (121.43746521410971, 31.0287398508825)
[DEBUG 23:16:05 sjtuautorun] (121.43749459595603, 31.02874121746498)
[DEBUG 23:16:05 sjtuautorun] (121.43751836198295, 31.02875253749631)
[DEBUG 23:16:06 sjtuautorun] (121.43754159453613, 31.02877274861001)
[DEBUG 23:16:06 sjtuautorun] (121.43755350716731, 31.02875921542378)
[DEBUG 23:16:07 sjtuautorun] (121.43760172383219, 31.028778273184237)
[DEBUG 23:16:08 sjtuautorun] (121.43765735192856, 31.02879325759264)
[DEBUG 23:16:09 sjtuautorun] (121.43772181584285, 31.028823741556575)
[DEBUG 23:16:10 sjtuautorun] (121.43775784407191, 31.02884120347271)
[DEBUG 23:16:12 sjtuautorun] (121.43784971151469, 31.028849877592187)
[DEBUG 23:16:13 sjtuautorun] (121.43787347680642, 31.028878738027068)
[DEBUG 23:16:14 sjtuautorun] (121.43791033379742, 31.028881464217942)
[DEBUG 23:16:14 sjtuautorun] (121.43792936187937, 31.028894379300244)
[DEBUG 23:16:14 sjtuautorun] (121.43795668223169, 31.028893006984624)
[DEBUG 23:16:15 sjtuautorun] (121.43798321230317, 31.028894379931447)
[DEBUG 23:16:15 sjtuautorun] (121.43799643049913, 31.028904319714137)
[DEBUG 23:16:17 sjtuautorun] (121.43806070795631, 31.02893426812887)
[DEBUG 23:16:18 sjtuautorun] (121.43812289899006, 31.028940729696494)
[DEBUG 23:16:19 sjtuautorun] (121.43817260467272, 31.028956447466502)
[DEBUG 23:16:20 sjtuautorun] (121.43820683217726, 31.028984078283333)
[DEBUG 23:16:21 sjtuautorun] (121.43823609071033, 31.02897926505681)
[DEBUG 23:16:22 sjtuautorun] (121.43832164256035, 31.02901726850083)
[DEBUG 23:16:24 sjtuautorun] (121.43837992472693, 31.029031739554412)
[DEBUG 23:16:24 sjtuautorun] (121.43841635944544, 31.029034543368788)
[DEBUG 23:16:25 sjtuautorun] (121.43845399949174, 31.02904236272291)
[DEBUG 23:16:26 sjtuautorun] (121.43848951562812, 31.02905571071887)
[DEBUG 23:16:27 sjtuautorun] (121.43854558085361, 31.029073987120963)
[DEBUG 23:16:28 sjtuautorun] (121.4385694884669, 31.029083939054164)
[DEBUG 23:16:28 sjtuautorun] (121.43859221832061, 31.029098887975923)
[DEBUG 23:16:29 sjtuautorun] (121.43865610929629, 31.02912116733922)
[DEBUG 23:16:30 sjtuautorun] (121.43867888686721, 31.02912750730979)
[DEBUG 23:16:30 sjtuautorun] (121.43869718985667, 31.029131342927)
[DEBUG 23:16:31 sjtuautorun] (121.43873974279494, 31.029136496223316)
[DEBUG 23:16:32 sjtuautorun] (121.43878156380124, 31.02915672866287)
[DEBUG 23:16:33 sjtuautorun] (121.4388242227684, 31.029169231861122)
[DEBUG 23:16:34 sjtuautorun] (121.43886748549457, 31.029179425058807)
[DEBUG 23:16:35 sjtuautorun] (121.43890614547378, 31.02919972085752)
[DEBUG 23:16:35 sjtuautorun] (121.43893276494892, 31.02920207570745)
[DEBUG 23:16:37 sjtuautorun] (121.43901976583298, 31.029234898373993)
[DEBUG 23:16:39 sjtuautorun] (121.43909024371547, 31.029249384264983)
[DEBUG 23:16:39 sjtuautorun] (121.43913365895789, 31.029261579416143)
[DEBUG 23:16:40 sjtuautorun] (121.43916829251756, 31.029269426126096)
[DEBUG 23:16:41 sjtuautorun] (121.4392105414073, 31.0292965109642)
[DEBUG 23:16:42 sjtuautorun] (121.43926732107342, 31.02931626619567)
[DEBUG 23:16:43 sjtuautorun] (121.43929432158572, 31.029322286973862)
[DEBUG 23:16:44 sjtuautorun] (121.43932486950354, 31.029320881915584)
[DEBUG 23:16:44 sjtuautorun] (121.4393556704094, 31.029339968593415)
[DEBUG 23:16:45 sjtuautorun] (121.43938029339176, 31.02935477336827)
[DEBUG 23:16:45 sjtuautorun] (121.43941540233146, 31.02934802976659)
[DEBUG 23:16:46 sjtuautorun] (121.4394250278596, 31.029361121216105)
[DEBUG 23:16:47 sjtuautorun] (121.43946743330491, 31.029374503228585)
[DEBUG 23:16:48 sjtuautorun] (121.43951868785828, 31.029384815023302)
[DEBUG 23:16:49 sjtuautorun] (121.43957420522344, 31.02940482437174)
[DEBUG 23:16:50 sjtuautorun] (121.4396199263166, 31.02941350064439)
[DEBUG 23:16:51 sjtuautorun] (121.43965888279014, 31.029426375518202)
[DEBUG 23:16:52 sjtuautorun] (121.43972291886102, 31.029460577767278)
[DEBUG 23:16:53 sjtuautorun] (121.43976409825785, 31.029468279651795)
[DEBUG 23:16:54 sjtuautorun] (121.43981905727186, 31.029478893852232)
[DEBUG 23:16:55 sjtuautorun] (121.43984355396466, 31.029500884805973)
[DEBUG 23:16:56 sjtuautorun] (121.4399023268677, 31.029513221892184)
[DEBUG 23:16:57 sjtuautorun] (121.43995741835938, 31.029523853918732)
[DEBUG 23:16:59 sjtuautorun] (121.44005243954231, 31.02956686231778)
[DEBUG 23:16:59 sjtuautorun] (121.44007307953113, 31.02955838976503)
[DEBUG 23:17:00 sjtuautorun] (121.44012548790455, 31.029580303775422)
[DEBUG 23:17:02 sjtuautorun] (121.44017006863595, 31.029602472645763)
[DEBUG 23:17:03 sjtuautorun] (121.44022247242289, 31.029609747765097)
[DEBUG 23:17:03 sjtuautorun] (121.44025322441927, 31.029632727702207)
[DEBUG 23:17:04 sjtuautorun] (121.44028736609454, 31.029626942758345)
[DEBUG 23:17:05 sjtuautorun] (121.44033367578233, 31.02964657037832)
[DEBUG 23:17:06 sjtuautorun] (121.44039108741354, 31.029676579448925)
[DEBUG 23:17:07 sjtuautorun] (121.44042830308764, 31.029689922278948)
[DEBUG 23:17:08 sjtuautorun] (121.44046434685431, 31.02969393708132)
[DEBUG 23:17:09 sjtuautorun] (121.4405167794259, 31.029699870113763)
[DEBUG 23:17:10 sjtuautorun] (121.4405618716211, 31.0297128263377)
[DEBUG 23:17:11 sjtuautorun] (121.44060078845133, 31.02973642078316)
[DEBUG 23:17:11 sjtuautorun] (121.4406176180607, 31.029744346343595)
[DEBUG 23:17:12 sjtuautorun] (121.44066695658022, 31.029753092600274)
[DEBUG 23:17:13 sjtuautorun] (121.44069725094839, 31.02977048376995)
[DEBUG 23:17:14 sjtuautorun] (121.44075862407752, 31.029778610468398)
[DEBUG 23:17:14 sjtuautorun] (121.44076948260731, 31.029786274323072)
[DEBUG 23:17:15 sjtuautorun] (121.44081661407157, 31.029816340412285)
[DEBUG 23:17:16 sjtuautorun] (121.44085805022533, 31.029824125502056)
[DEBUG 23:17:17 sjtuautorun] (121.44089601840179, 31.029824728556537)
[DEBUG 23:17:17 sjtuautorun] (121.44090530164706, 31.029841381558303)
[DEBUG 23:17:18 sjtuautorun] (121.44095981631997, 31.029840642083983)
[DEBUG 23:17:19 sjtuautorun] (121.44100961249707, 31.029868008737107)
[DEBUG 23:17:20 sjtuautorun] (121.44102826097406, 31.029862603226224)
[DEBUG 23:17:21 sjtuautorun] (121.44107748900066, 31.029895275544817)
[DEBUG 23:17:21 sjtuautorun] (121.44108467740787, 31.029886215016443)
[DEBUG 23:17:22 sjtuautorun] (121.44113279957917, 31.029903906774727)
[DEBUG 23:17:23 sjtuautorun] (121.44117866415368, 31.029914823555252)
[DEBUG 23:17:24 sjtuautorun] (121.44123745428593, 31.02994473401952)
[DEBUG 23:17:25 sjtuautorun] (121.44126400009445, 31.029943934190847)
[DEBUG 23:17:26 sjtuautorun] (121.44131016306957, 31.029959635695636)
[DEBUG 23:17:26 sjtuautorun] (121.44132401114511, 31.02996658731454)
[DEBUG 23:17:27 sjtuautorun] (121.44136237891891, 31.02996947518206)
[DEBUG 23:17:28 sjtuautorun] (121.44142751592508, 31.029997019116305)
[DEBUG 23:17:29 sjtuautorun] (121.44148766847101, 31.030021070312277)
[DEBUG 23:17:31 sjtuautorun] (121.44153827106244, 31.030028265680404)
[DEBUG 23:17:31 sjtuautorun] (121.44156360969893, 31.03003898889201)
[DEBUG 23:17:32 sjtuautorun] (121.44159592382853, 31.030056995956066)
[DEBUG 23:17:32 sjtuautorun] (121.44161575348409, 31.03007085007308)
[DEBUG 23:17:33 sjtuautorun] (121.44168112878658, 31.03008309277112)
[DEBUG 23:17:35 sjtuautorun] (121.4417297883331, 31.030090778995078)
[DEBUG 23:17:35 sjtuautorun] (121.44176261033512, 31.0301123290486)
[DEBUG 23:17:36 sjtuautorun] (121.44176957265893, 31.030111485051183)
[DEBUG 23:17:36 sjtuautorun] (121.44180064913536, 31.030108459474636)
[DEBUG 23:17:37 sjtuautorun] (121.44186606563895, 31.030129339321114)
[DEBUG 23:17:38 sjtuautorun] (121.44191523840068, 31.030150687226804)
[DEBUG 23:17:40 sjtuautorun] (121.44196662054496, 31.030162845584957)
[DEBUG 23:17:41 sjtuautorun] (121.44201514052538, 31.030190793065273)
[DEBUG 23:17:41 sjtuautorun] (121.44205207719706, 31.03018936515604)
[DEBUG 23:17:42 sjtuautorun] (121.44208719537694, 31.030216519714244)
[DEBUG 23:17:44 sjtuautorun] (121.44217309416138, 31.03023900762596)
[DEBUG 23:17:45 sjtuautorun] (121.44222005312318, 31.030257279129827)
[DEBUG 23:17:46 sjtuautorun] (121.44225574427038, 31.030251776286846)
[DEBUG 23:17:46 sjtuautorun] (121.44226184079899, 31.030269405779556)
[DEBUG 23:17:47 sjtuautorun] (121.44227571521965, 31.03027254396204)
[DEBUG 23:17:47 sjtuautorun] (121.44228887604135, 31.03026648395323)
[DEBUG 23:17:48 sjtuautorun] (121.44235053963726, 31.03028165041298)
[DEBUG 23:17:49 sjtuautorun] (121.44238593864824, 31.030313175386578)
[DEBUG 23:17:50 sjtuautorun] (121.44245149140704, 31.030320285616238)
[DEBUG 23:17:51 sjtuautorun] (121.44249438885736, 31.0303478538164)
[DEBUG 23:17:52 sjtuautorun] (121.44255223613581, 31.030355259218254)
[DEBUG 23:17:53 sjtuautorun] (121.44259780484553, 31.030360470286478)
[DEBUG 23:17:54 sjtuautorun] (121.44263956994496, 31.030379218861516)
[DEBUG 23:17:55 sjtuautorun] (121.44267376999879, 31.03038989034633)
[DEBUG 23:17:55 sjtuautorun] (121.44269265267629, 31.030404563351087)
[DEBUG 23:17:56 sjtuautorun] (121.44271512470918, 31.030406100402345)
[DEBUG 23:17:57 sjtuautorun] (121.4427731624875, 31.030426749854186)
[DEBUG 23:17:58 sjtuautorun] (121.44282777492637, 31.03044463678237)
[DEBUG 23:17:59 sjtuautorun] (121.44286045038942, 31.030456332968875)
[DEBUG 23:18:00 sjtuautorun] (121.44289138222301, 31.03047647092963)
[DEBUG 23:18:01 sjtuautorun] (121.44295594739417, 31.030487005539896)
[DEBUG 23:18:02 sjtuautorun] (121.44302211104252, 31.030513589838613)
[DEBUG 23:18:03 sjtuautorun] (121.4430778430398, 31.03052709942596)
[DEBUG 23:18:04 sjtuautorun] (121.44309980877966, 31.03053563706929)
[DEBUG 23:18:04 sjtuautorun] (121.44312707535961, 31.030543212094898)
[DEBUG 23:18:05 sjtuautorun] (121.44312989343226, 31.030535433720022)
[DEBUG 23:18:05 sjtuautorun] (121.4431597930588, 31.030550400744453)
[DEBUG 23:18:06 sjtuautorun] (121.44322255447395, 31.030562626349447)
[DEBUG 23:18:07 sjtuautorun] (121.44326137979746, 31.030589762821503)
[DEBUG 23:18:08 sjtuautorun] (121.44330105844587, 31.030589769764777)
[DEBUG 23:18:10 sjtuautorun] (121.44337010713045, 31.03061914535676)
[DEBUG 23:18:11 sjtuautorun] (121.44343594501717, 31.030629596185488)
[DEBUG 23:18:12 sjtuautorun] (121.44346877810102, 31.030650067891422)
[DEBUG 23:18:12 sjtuautorun] (121.4435036553984, 31.030650249474366)
[DEBUG 23:18:14 sjtuautorun] (121.44357567769019, 31.030687720180687)
[DEBUG 23:18:15 sjtuautorun] (121.44359568270585, 31.03068613459106)
[DEBUG 23:18:15 sjtuautorun] (121.44363725067751, 31.030693375342466)
