[DEBUG 23:00:50 sjtuautorun] ('Emulator status', 'running')
[INFO 23:00:52 sjtuautorun] Android Connected!
[INFO 23:00:55 sjtuautorun] resolution:(1080, 1920)
[DEBUG 23:01:10 sjtuautorun] ('click:', 1759330870.0687828, 579, 55)
[DEBUG 23:01:11 sjtuautorun] ('Typing:去跑步',)
[DEBUG 23:01:13 sjtuautorun] ('click:', 1759330873.5675187, 101, 186)
[INFO 23:01:14 sjtuautorun] Started successfully!
[DEBUG 23:01:18 sjtuautorun] ('click:', 1759330878.1211724, 474, 398)
[DEBUG 23:01:19 sjtuautorun] ('click:', 1759330879.6225984, 474, 398)
[DEBUG 23:01:23 sjtuautorun] ('click:', 1759330883.7834587, 481, 452)
[DEBUG 23:01:31 sjtuautorun] (121.43165080742156, 31.02689010394656)
[DEBUG 23:01:32 sjtuautorun] (121.43170593845095, 31.026908796654222)
[DEBUG 23:01:33 sjtuautorun] (121.4317118752652, 31.026910085063044)
[DEBUG 23:01:34 sjtuautorun] (121.43176058698585, 31.026923024921235)
[DEBUG 23:01:36 sjtuautorun] (121.4318464055749, 31.026942542587495)
[DEBUG 23:01:37 sjtuautorun] (121.43190148055584, 31.026969859723152)
[DEBUG 23:01:38 sjtuautorun] (121.431957251449, 31.026981428114137)
[DEBUG 23:01:39 sjtuautorun] (121.43198749910489, 31.027001209927167)
[DEBUG 23:01:40 sjtuautorun] (121.432082424544, 31.0270319703361)
[DEBUG 23:01:41 sjtuautorun] (121.43208794284521, 31.027027246092825)
[DEBUG 23:01:42 sjtuautorun] (121.4321440980618, 31.027040714090557)
[DEBUG 23:01:42 sjtuautorun] (121.4321724515453, 31.02705006299142)
[DEBUG 23:01:44 sjtuautorun] (121.43224584427453, 31.027064727611894)
[DEBUG 23:01:44 sjtuautorun] (121.4322715566056, 31.02708856617513)
[DEBUG 23:01:45 sjtuautorun] (121.4322877749816, 31.0270835790601)
[DEBUG 23:01:45 sjtuautorun] (121.43231279708039, 31.027102735616857)
[DEBUG 23:01:46 sjtuautorun] (121.43236572556751, 31.02711680005659)
[DEBUG 23:01:47 sjtuautorun] (121.4324088037778, 31.027135106380122)
[DEBUG 23:01:49 sjtuautorun] (121.4324811620237, 31.02714847984927)
[DEBUG 23:01:49 sjtuautorun] (121.43250599678237, 31.02716059013214)
[DEBUG 23:01:50 sjtuautorun] (121.43256480663713, 31.02717594610641)
[DEBUG 23:01:52 sjtuautorun] (121.43263148281397, 31.027201476875188)
[DEBUG 23:01:53 sjtuautorun] (121.43267401873145, 31.027221113043097)
[DEBUG 23:01:54 sjtuautorun] (121.43270969697012, 31.02722711178395)
[DEBUG 23:01:54 sjtuautorun] (121.4327502805592, 31.027232594305453)
[DEBUG 23:01:56 sjtuautorun] (121.432810053991, 31.027254360510735)
[DEBUG 23:01:56 sjtuautorun] (121.43283405010311, 31.027268972708185)
[DEBUG 23:01:57 sjtuautorun] (121.43287247838254, 31.027280039859026)
[DEBUG 23:01:58 sjtuautorun] (121.43293092143108, 31.027300660637696)
[DEBUG 23:02:00 sjtuautorun] (121.43298531213814, 31.02731248490657)
[DEBUG 23:02:01 sjtuautorun] (121.43305145079329, 31.02733047522227)
[DEBUG 23:02:02 sjtuautorun] (121.43310080939176, 31.027338279757437)
[DEBUG 23:02:03 sjtuautorun] (121.43315472241656, 31.027359243019188)
[DEBUG 23:02:05 sjtuautorun] (121.43324408384468, 31.027388258452152)
[DEBUG 23:02:05 sjtuautorun] (121.43325277642693, 31.027387868742405)
[DEBUG 23:02:06 sjtuautorun] (121.43328106587926, 31.027413898329385)
[DEBUG 23:02:07 sjtuautorun] (121.43334516130835, 31.027423124181887)
[DEBUG 23:02:08 sjtuautorun] (121.43338334693098, 31.027430492429204)
[DEBUG 23:02:09 sjtuautorun] (121.43343205864882, 31.027456671842693)
[DEBUG 23:02:10 sjtuautorun] (121.4334684316518, 31.027469498329406)
[DEBUG 23:02:11 sjtuautorun] (121.43352667795328, 31.027480949976983)
[DEBUG 23:02:12 sjtuautorun] (121.43358731800178, 31.027501926826524)
[DEBUG 23:02:13 sjtuautorun] (121.43361200372135, 31.02751419328698)
[DEBUG 23:02:14 sjtuautorun] (121.43368914650492, 31.027540401040074)
[DEBUG 23:02:15 sjtuautorun] (121.43374652182278, 31.027551422691364)
[DEBUG 23:02:15 sjtuautorun] (121.4337448806907, 31.02755233501807)
[DEBUG 23:02:16 sjtuautorun] (121.43376491745654, 31.027559785683923)
[DEBUG 23:02:17 sjtuautorun] (121.43380411476262, 31.027579290526006)
[DEBUG 23:02:18 sjtuautorun] (121.43389615642926, 31.02759734788366)
[DEBUG 23:02:20 sjtuautorun] (121.43397842581827, 31.027629223639003)
[DEBUG 23:02:21 sjtuautorun] (121.4340086707724, 31.027640793272123)
[DEBUG 23:02:22 sjtuautorun] (121.43407269443057, 31.027654582306862)
[DEBUG 23:02:23 sjtuautorun] (121.43410369378087, 31.02766477009378)
[DEBUG 23:02:24 sjtuautorun] (121.43417006930004, 31.027695656600176)
[DEBUG 23:02:26 sjtuautorun] (121.43427740300973, 31.027730131991476)
[DEBUG 23:02:26 sjtuautorun] (121.43429073191453, 31.027723160795226)
[DEBUG 23:02:28 sjtuautorun] (121.43437936160632, 31.02775449075854)
[DEBUG 23:02:29 sjtuautorun] (121.4344112704499, 31.027775488961936)
[DEBUG 23:02:30 sjtuautorun] (121.43444107293541, 31.027785655096068)
[DEBUG 23:02:31 sjtuautorun] (121.43447757668027, 31.02779079623992)
[DEBUG 23:02:32 sjtuautorun] (121.43453950371891, 31.027804750507176)
[DEBUG 23:02:33 sjtuautorun] (121.43458808514511, 31.0278307181656)
[DEBUG 23:02:33 sjtuautorun] (121.43461680554373, 31.027823301575932)
[DEBUG 23:02:34 sjtuautorun] (121.43465469881127, 31.027847286318)
[DEBUG 23:02:35 sjtuautorun] (121.43468389018938, 31.02786206670477)
[DEBUG 23:02:35 sjtuautorun] (121.43471206762156, 31.027864702309916)
[DEBUG 23:02:36 sjtuautorun] (121.43473921415386, 31.027861072448875)
[DEBUG 23:02:37 sjtuautorun] (121.43479251088944, 31.027889160072892)
[DEBUG 23:02:39 sjtuautorun] (121.4348792506323, 31.027915790170344)
[DEBUG 23:02:39 sjtuautorun] (121.43490627317564, 31.027918743414336)
[DEBUG 23:02:40 sjtuautorun] (121.43494968905026, 31.027937778446056)
[DEBUG 23:02:40 sjtuautorun] (121.43496400878796, 31.02793047630611)
[DEBUG 23:02:41 sjtuautorun] (121.43498632199407, 31.027945774935276)
[DEBUG 23:02:41 sjtuautorun] (121.43499820233802, 31.027955621044885)
[DEBUG 23:02:42 sjtuautorun] (121.43500607340694, 31.02795693040665)
[DEBUG 23:02:43 sjtuautorun] (121.43506697478107, 31.027976589596715)
[DEBUG 23:02:43 sjtuautorun] (121.43509551264407, 31.027988627520873)
[DEBUG 23:02:44 sjtuautorun] (121.43515603585504, 31.028002996043384)
[DEBUG 23:02:45 sjtuautorun] (121.43519437636955, 31.028007298021414)
[DEBUG 23:02:46 sjtuautorun] (121.43524084584926, 31.028039831058106)
[DEBUG 23:02:47 sjtuautorun] (121.43528228144038, 31.02804527915299)
[DEBUG 23:02:49 sjtuautorun] (121.43535641767174, 31.02807150902994)
[DEBUG 23:02:49 sjtuautorun] (121.43538862380856, 31.028067127912536)
[DEBUG 23:02:50 sjtuautorun] (121.43542716054505, 31.028086767708356)
[DEBUG 23:02:51 sjtuautorun] (121.43546613045997, 31.02810562422628)
[DEBUG 23:02:51 sjtuautorun] (121.43549196313313, 31.028112248367712)
[DEBUG 23:02:52 sjtuautorun] (121.43552090880121, 31.028126568983872)
[DEBUG 23:02:53 sjtuautorun] (121.43555508122448, 31.02812307636076)
[DEBUG 23:02:54 sjtuautorun] (121.43561066303357, 31.028149630781687)
[DEBUG 23:02:56 sjtuautorun] (121.43568859206762, 31.028163846492404)
[DEBUG 23:02:56 sjtuautorun] (121.43571257157066, 31.028185126899665)
[DEBUG 23:02:57 sjtuautorun] (121.43575753709716, 31.02819955701354)
[DEBUG 23:02:58 sjtuautorun] (121.43578023201256, 31.028203559059776)
[DEBUG 23:02:58 sjtuautorun] (121.43580193095728, 31.02821268114519)
[DEBUG 23:02:59 sjtuautorun] (121.43582480275722, 31.028215566670493)
[DEBUG 23:03:00 sjtuautorun] (121.43590063019413, 31.028242422010944)
[DEBUG 23:03:00 sjtuautorun] (121.4359229643562, 31.028240798016895)
[DEBUG 23:03:01 sjtuautorun] (121.43596221411227, 31.02825530794659)
[DEBUG 23:03:02 sjtuautorun] (121.43600536817732, 31.028278066285704)
[DEBUG 23:03:03 sjtuautorun] (121.43603537112433, 31.028270447620045)
[DEBUG 23:03:03 sjtuautorun] (121.4360517785225, 31.028281280794495)
[DEBUG 23:03:03 sjtuautorun] (121.43606956654376, 31.028294302817077)
[DEBUG 23:03:04 sjtuautorun] (121.43608856905891, 31.02830521493093)
[DEBUG 23:03:05 sjtuautorun] (121.43615042346157, 31.028331055887506)
[DEBUG 23:03:06 sjtuautorun] (121.43619047256317, 31.028341486786147)
[DEBUG 23:03:07 sjtuautorun] (121.43621861597049, 31.028348952521377)
[DEBUG 23:03:08 sjtuautorun] (121.43628282601107, 31.02836140662881)
[DEBUG 23:03:08 sjtuautorun] (121.43630938529627, 31.028375653886002)
[DEBUG 23:03:10 sjtuautorun] (121.43637781975647, 31.02839258172899)
[DEBUG 23:03:11 sjtuautorun] (121.436445056697, 31.028415357401407)
[DEBUG 23:03:12 sjtuautorun] (121.43646956469198, 31.028428895302284)
[DEBUG 23:03:14 sjtuautorun] (121.43656056188333, 31.02844720979312)
[DEBUG 23:03:15 sjtuautorun] (121.43660507653038, 31.02846257008887)
[DEBUG 23:03:16 sjtuautorun] (121.43666725517417, 31.028484966767884)
[DEBUG 23:03:17 sjtuautorun] (121.43673997431678, 31.028497343972138)
[DEBUG 23:03:18 sjtuautorun] (121.43679231798664, 31.028511413691525)
[DEBUG 23:03:20 sjtuautorun] (121.43683990089525, 31.0285446505575)
[DEBUG 23:03:20 sjtuautorun] (121.43687061371608, 31.028551132380446)
[DEBUG 23:03:22 sjtuautorun] (121.4369606607746, 31.02858184463547)
[DEBUG 23:03:22 sjtuautorun] (121.4369864957158, 31.02858913164754)
[DEBUG 23:03:24 sjtuautorun] (121.43704555896069, 31.028607453563506)
[DEBUG 23:03:24 sjtuautorun] (121.43704220851174, 31.028607513468284)
[DEBUG 23:03:25 sjtuautorun] (121.43711662548804, 31.028622785468823)
[DEBUG 23:03:26 sjtuautorun] (121.43717070366833, 31.02863764670051)
[DEBUG 23:03:28 sjtuautorun] (121.43723293288048, 31.028671002310947)
[DEBUG 23:03:29 sjtuautorun] (121.43727472434986, 31.028677405905103)
[DEBUG 23:03:30 sjtuautorun] (121.43733886213681, 31.02868989465881)
[DEBUG 23:03:31 sjtuautorun] (121.43740188471753, 31.028723840079085)
[DEBUG 23:03:33 sjtuautorun] (121.43745612569306, 31.028740144214314)
[DEBUG 23:03:34 sjtuautorun] (121.43751108858605, 31.028745001106703)
[DEBUG 23:03:35 sjtuautorun] (121.43758286445193, 31.028767417720786)
[DEBUG 23:03:36 sjtuautorun] (121.43763577100805, 31.02879165835468)
[DEBUG 23:03:37 sjtuautorun] (121.43764123161847, 31.028799196754683)
[DEBUG 23:03:37 sjtuautorun] (121.4376856865529, 31.028799559973763)
[DEBUG 23:03:38 sjtuautorun] (121.4377172005552, 31.028821057811328)
[DEBUG 23:03:39 sjtuautorun] (121.43773822297128, 31.028826154352434)
[DEBUG 23:03:39 sjtuautorun] (121.43778733458235, 31.028833083272705)
[DEBUG 23:03:40 sjtuautorun] (121.43780516659673, 31.028842918500818)
[DEBUG 23:03:40 sjtuautorun] (121.4378266215831, 31.02885370062207)
[DEBUG 23:03:42 sjtuautorun] (121.43788895176394, 31.028870768576244)
[DEBUG 23:03:43 sjtuautorun] (121.43797123447271, 31.028898207571295)
[DEBUG 23:03:44 sjtuautorun] (121.43800313128283, 31.028902215998244)
[DEBUG 23:03:46 sjtuautorun] (121.43808715748987, 31.028938122615976)
[DEBUG 23:03:47 sjtuautorun] (121.4381379165927, 31.028956076775895)
[DEBUG 23:03:47 sjtuautorun] (121.43816012808972, 31.028949343668916)
[DEBUG 23:03:48 sjtuautorun] (121.43822313628806, 31.028979858220882)
[DEBUG 23:03:49 sjtuautorun] (121.4382681362697, 31.028991281938946)
[DEBUG 23:03:50 sjtuautorun] (121.43827504335663, 31.028990021655954)
[DEBUG 23:03:50 sjtuautorun] (121.43832154395015, 31.029003682714723)
[DEBUG 23:03:51 sjtuautorun] (121.43834769656839, 31.029021356364638)
[DEBUG 23:03:52 sjtuautorun] (121.43839330494511, 31.029032716003776)
[DEBUG 23:03:53 sjtuautorun] (121.43842071707722, 31.029044181581952)
[DEBUG 23:03:53 sjtuautorun] (121.43844357407322, 31.029056615046777)
[DEBUG 23:03:54 sjtuautorun] (121.43847458688572, 31.029054164026686)
[DEBUG 23:03:55 sjtuautorun] (121.43852370587236, 31.029076535607057)
[DEBUG 23:03:56 sjtuautorun] (121.43856290326852, 31.029087409938146)
[DEBUG 23:03:57 sjtuautorun] (121.43864613842283, 31.02911571937362)
[DEBUG 23:03:58 sjtuautorun] (121.43866476727696, 31.029121466062012)
[DEBUG 23:03:58 sjtuautorun] (121.43870553527374, 31.029130680924116)
[DEBUG 23:03:59 sjtuautorun] (121.43873663014134, 31.02913419296683)
[DEBUG 23:04:00 sjtuautorun] (121.43875595205306, 31.0291580843629)
[DEBUG 23:04:01 sjtuautorun] (121.43881077650735, 31.029172133841)
[DEBUG 23:04:01 sjtuautorun] (121.43884299212998, 31.029173773247997)
[DEBUG 23:04:02 sjtuautorun] (121.43888399229473, 31.029180147145066)
[DEBUG 23:04:03 sjtuautorun] (121.43891660956459, 31.029193131301362)
[DEBUG 23:04:04 sjtuautorun] (121.43898845576406, 31.029230744018452)
[DEBUG 23:04:05 sjtuautorun] (121.43900573887367, 31.029223912551462)
[DEBUG 23:04:05 sjtuautorun] (121.43903283500616, 31.029230955901717)
[DEBUG 23:04:06 sjtuautorun] (121.43904965219673, 31.029242543779215)
[DEBUG 23:04:06 sjtuautorun] (121.4390839171186, 31.029246849884274)
[DEBUG 23:04:07 sjtuautorun] (121.43911082113588, 31.029261687466988)
[DEBUG 23:04:08 sjtuautorun] (121.439169862109, 31.02927343117319)
[DEBUG 23:04:09 sjtuautorun] (121.43921606651598, 31.029289373030853)
[DEBUG 23:04:10 sjtuautorun] (121.43925200736287, 31.02931686189782)
[DEBUG 23:04:10 sjtuautorun] (121.43927230514117, 31.029309600386103)
[DEBUG 23:04:11 sjtuautorun] (121.43929633488538, 31.029318340554713)
[DEBUG 23:04:12 sjtuautorun] (121.4393791573204, 31.029345509742914)
[DEBUG 23:04:13 sjtuautorun] (121.43941463841384, 31.029349224277972)
[DEBUG 23:04:14 sjtuautorun] (121.43947406334443, 31.029383164050117)
[DEBUG 23:04:15 sjtuautorun] (121.4394980830474, 31.029389853945016)
[DEBUG 23:04:17 sjtuautorun] (121.43957518458524, 31.029408714878596)
[DEBUG 23:04:18 sjtuautorun] (121.43964490229136, 31.029433612063805)
[DEBUG 23:04:20 sjtuautorun] (121.43976066502509, 31.029461443077356)
[DEBUG 23:04:21 sjtuautorun] (121.43978718842455, 31.029465508071382)
[DEBUG 23:04:22 sjtuautorun] (121.43980757613502, 31.029491842678144)
[DEBUG 23:04:23 sjtuautorun] (121.43986007316158, 31.02950220368027)
[DEBUG 23:04:23 sjtuautorun] (121.43986919066558, 31.02949638560631)
[DEBUG 23:04:24 sjtuautorun] (121.43993074043101, 31.029527728892077)
[DEBUG 23:04:24 sjtuautorun] (121.43994378015593, 31.029523421565457)
[DEBUG 23:04:25 sjtuautorun] (121.44000465125374, 31.02954533278782)
[DEBUG 23:04:26 sjtuautorun] (121.44004691319097, 31.029559550337588)
[DEBUG 23:04:28 sjtuautorun] (121.44012420513135, 31.029576403743235)
[DEBUG 23:04:28 sjtuautorun] (121.44014509790733, 31.029598685464578)
[DEBUG 23:04:29 sjtuautorun] (121.44014853199904, 31.029593294056564)
[DEBUG 23:04:30 sjtuautorun] (121.4402276751581, 31.029621110810776)
[DEBUG 23:04:31 sjtuautorun] (121.44026829064084, 31.029634385969814)
[DEBUG 23:04:33 sjtuautorun] (121.44034325897525, 31.029653547101795)
[DEBUG 23:04:33 sjtuautorun] (121.44038208637797, 31.02966431533537)
[DEBUG 23:04:34 sjtuautorun] (121.4404110120104, 31.02967352713552)
[DEBUG 23:04:35 sjtuautorun] (121.44047139157244, 31.029690455397315)
[DEBUG 23:04:36 sjtuautorun] (121.44049764253481, 31.029697433914958)
[DEBUG 23:04:37 sjtuautorun] (121.44057292635884, 31.029728150895206)
[DEBUG 23:04:38 sjtuautorun] (121.44062503662232, 31.02974557035939)
[DEBUG 23:04:39 sjtuautorun] (121.44063784572492, 31.029743826709687)
[DEBUG 23:04:40 sjtuautorun] (121.44070160994107, 31.02976891600873)
[DEBUG 23:04:40 sjtuautorun] (121.44071529593234, 31.029782549579195)
[DEBUG 23:04:41 sjtuautorun] (121.44073854998616, 31.029766471908527)
[DEBUG 23:04:41 sjtuautorun] (121.44074322748398, 31.029772231443534)
[DEBUG 23:04:43 sjtuautorun] (121.44082601059938, 31.029798094504088)
[DEBUG 23:04:43 sjtuautorun] (121.44083512556911, 31.02980701134768)
[DEBUG 23:04:43 sjtuautorun] (121.44086072126726, 31.029811558567705)
[DEBUG 23:04:45 sjtuautorun] (121.4409316644087, 31.0298464144199)
[DEBUG 23:04:45 sjtuautorun] (121.4409602418929, 31.029839981065226)
[DEBUG 23:04:46 sjtuautorun] (121.44098914446796, 31.02985645823825)
[DEBUG 23:04:46 sjtuautorun] (121.44101199705634, 31.02986937832938)
[DEBUG 23:04:47 sjtuautorun] (121.44104510427394, 31.02987588588786)
[DEBUG 23:04:48 sjtuautorun] (121.44111052165957, 31.0298866309626)
[DEBUG 23:04:50 sjtuautorun] (121.44118033255708, 31.029909188374734)
[DEBUG 23:04:50 sjtuautorun] (121.44120823794383, 31.029917425918203)
[DEBUG 23:04:51 sjtuautorun] (121.44124875628933, 31.02993142333281)
[DEBUG 23:04:52 sjtuautorun] (121.44128920584538, 31.029954621496238)
[DEBUG 23:04:53 sjtuautorun] (121.44132818306946, 31.029966165131633)
[DEBUG 23:04:55 sjtuautorun] (121.44140056595879, 31.029985769157573)
[DEBUG 23:04:56 sjtuautorun] (121.44149433930534, 31.03002317924548)
[DEBUG 23:04:57 sjtuautorun] (121.44149501884138, 31.030018754570012)
[DEBUG 23:04:57 sjtuautorun] (121.44152566181872, 31.030026504297233)
[DEBUG 23:04:58 sjtuautorun] (121.44156438591266, 31.030035406668894)
[DEBUG 23:04:59 sjtuautorun] (121.44161417352414, 31.030062881596425)
[DEBUG 23:04:59 sjtuautorun] (121.4416333149311, 31.030059692887097)
[DEBUG 23:05:00 sjtuautorun] (121.44167416046434, 31.030087121606417)
[DEBUG 23:05:01 sjtuautorun] (121.4417156809465, 31.03009069009692)
[DEBUG 23:05:02 sjtuautorun] (121.44176857106115, 31.030101363008765)
[DEBUG 23:05:03 sjtuautorun] (121.4417970211401, 31.030107438936597)
[DEBUG 23:05:04 sjtuautorun] (121.4418533152945, 31.03013959848776)
[DEBUG 23:05:06 sjtuautorun] (121.44193320579005, 31.03015774682472)
[DEBUG 23:05:06 sjtuautorun] (121.44193887617901, 31.030153685403697)
[DEBUG 23:05:06 sjtuautorun] (121.44196519051205, 31.030158751283174)
[DEBUG 23:05:07 sjtuautorun] (121.44199015851852, 31.030187754170623)
[DEBUG 23:05:07 sjtuautorun] (121.4420068170383, 31.03017341844637)
[DEBUG 23:05:07 sjtuautorun] (121.44202411668654, 31.03018457409994)
[DEBUG 23:05:09 sjtuautorun] (121.44208222027626, 31.030213367541975)
[DEBUG 23:05:10 sjtuautorun] (121.44213038625188, 31.030222594939996)
[DEBUG 23:05:11 sjtuautorun] (121.44216434126042, 31.03023038896628)
[DEBUG 23:05:11 sjtuautorun] (121.44219400052873, 31.030234449881554)
[DEBUG 23:05:11 sjtuautorun] (121.44221800218759, 31.030245745007125)
[DEBUG 23:05:12 sjtuautorun] (121.44225483388675, 31.03026737377245)
[DEBUG 23:05:14 sjtuautorun] (121.44231884171424, 31.030272018174745)
[DEBUG 23:05:15 sjtuautorun] (121.44236338570833, 31.030303350185033)
[DEBUG 23:05:15 sjtuautorun] (121.44237934731852, 31.03030056246393)
[DEBUG 23:05:16 sjtuautorun] (121.44242292899517, 31.03031723279212)
[DEBUG 23:05:17 sjtuautorun] (121.44248193060773, 31.03034141888025)
[DEBUG 23:05:18 sjtuautorun] (121.44252105519708, 31.030339292302372)
[DEBUG 23:05:18 sjtuautorun] (121.4425348622833, 31.030353809097306)
[DEBUG 23:05:18 sjtuautorun] (121.44255315812521, 31.0303542638109)
[DEBUG 23:05:20 sjtuautorun] (121.44262707311168, 31.03038609812097)
[DEBUG 23:05:21 sjtuautorun] (121.44267908004782, 31.030405750150848)
[DEBUG 23:05:22 sjtuautorun] (121.44270338983739, 31.030406119155945)
[DEBUG 23:05:22 sjtuautorun] (121.44271171067656, 31.030400366633426)
[DEBUG 23:05:22 sjtuautorun] (121.44273528738174, 31.030411922660704)
[DEBUG 23:05:23 sjtuautorun] (121.44276094359549, 31.030431491452216)
[DEBUG 23:05:25 sjtuautorun] (121.44286289936522, 31.03045334638203)
[DEBUG 23:05:25 sjtuautorun] (121.44286564651175, 31.030461451505523)
[DEBUG 23:05:26 sjtuautorun] (121.44291765906608, 31.03047995768134)
[DEBUG 23:05:27 sjtuautorun] (121.44294482760175, 31.030475942483154)
[DEBUG 23:05:28 sjtuautorun] (121.4429952769914, 31.030494949256244)
[DEBUG 23:05:29 sjtuautorun] (121.44303440909857, 31.03051244390953)
[DEBUG 23:05:29 sjtuautorun] (121.4430521353646, 31.03051169778934)
[DEBUG 23:05:30 sjtuautorun] (121.44311628053977, 31.030529779604382)
[DEBUG 23:05:32 sjtuautorun] (121.44317328082552, 31.030563929705544)
[DEBUG 23:05:33 sjtuautorun] (121.44321591580824, 31.030575617747186)
[DEBUG 23:05:33 sjtuautorun] (121.44325762670863, 31.03058038190865)
[DEBUG 23:05:34 sjtuautorun] (121.44329463439558, 31.030586578674587)
[DEBUG 23:05:35 sjtuautorun] (121.44333876880503, 31.030602654026225)
[DEBUG 23:05:36 sjtuautorun] (121.44336769515547, 31.030618654411168)
[DEBUG 23:05:37 sjtuautorun] (121.44344185325578, 31.030639963693538)
[DEBUG 23:05:38 sjtuautorun] (121.44348053180167, 31.030651355680323)
[DEBUG 23:05:39 sjtuautorun] (121.4435172634936, 31.030660136629116)
[DEBUG 23:05:40 sjtuautorun] (121.44358777387744, 31.030681586694683)
[DEBUG 23:05:41 sjtuautorun] (121.44363255216716, 31.030701524870864)
[DEBUG 23:05:42 sjtuautorun] ('click:', 1759331142.0545928, 480, 453)
[DEBUG 23:05:43 sjtuautorun] ('input swipe 689 1610 689 1610 5000',)
[INFO 23:05:54 sjtuautorun] Run finished, closing the emulator!
